// Vitest Snapshot v1, https://vitest.dev/guide/snapshot.html

exports[`code import > existing and non-existing file 2`] = `
"<h2>Title</h2>
<p>@code(./fake-file.ts)</p>

<div class="svp-code-block-wrapper">
  <div class="svp-code-block">
    
    <!-- svelte-ignore a11y_no_noninteractive_tabindex -->
    <pre class="shiki shiki-themes vitesse-light night-owl" style="background-color:#ffffff;--shiki-dark-bg:#011627;color:#393a34;--shiki-dark:#d6deeb" tabindex="0"><code><span class="line"><span style="color:#A0ADA0;--shiki-dark:#637777">//</span><span style="color:#A0ADA0;font-style:inherit;--shiki-dark:#637777;--shiki-dark-font-style:italic"> @noErrors</span></span>
<span class="line"><span style="color:#B07D48;--shiki-dark:#D6DEEB">value</span><span style="color:#AB5959;--shiki-dark:#C792EA">?:</span><span style="color:#B07D48;--shiki-dark:#D6DEEB"> DefaultThemeOptions</span></span>
<span class="line"><span style="color:#393A34;--shiki-dark:#D6DEEB">&#125; </span><span style="color:#999999;--shiki-dark:#C792EA">=</span><span style="color:#999999;--shiki-dark:#D6DEEB"> &#123;</span></span>
<span class="line"><span style="color:#998418;--shiki-dark:#D6DEEB">value</span><span style="color:#999999;--shiki-dark:#D6DEEB">: </span><span style="color:#AB5959;--shiki-dark:#82AAFF">undefined</span><span style="color:#999999;--shiki-dark:#D6DEEB">,</span></span>
<span class="line"><span style="color:#999999;--shiki-dark:#D6DEEB">&#125;</span></span>
<span class="line"></span>
<span class="line"><span style="color:#AB5959;--shiki-dark:#C792EA">const</span><span style="color:#59873A;font-style:inherit;--shiki-dark:#82AAFF;--shiki-dark-font-style:italic"> defaultTheme</span><span style="color:#999999;--shiki-dark:#7FDBCA">:</span><span style="color:#2E8F82;font-style:inherit;--shiki-dark:#FFCB8B;--shiki-dark-font-style:italic"> ThemeDefault</span><span style="color:#999999;--shiki-dark:#C792EA"> =</span><span style="color:#999999;--shiki-dark:#D9F5DD"> (</span><span style="color:#B07D48;font-style:inherit;--shiki-dark:#D7DBE0;--shiki-dark-font-style:italic">options</span><span style="color:#999999;--shiki-dark:#D9F5DD">)</span><span style="color:#999999;--shiki-dark:#C792EA"> =></span><span style="color:#999999;--shiki-dark:#C792EA"> &#123;</span></span>
<span class="line"><span style="color:#B07D48;font-style:inherit;--shiki-dark:#D6DEEB;--shiki-dark-font-style:italic">themeOptionsRef</span><span style="color:#999999;font-style:inherit;--shiki-dark:#C792EA;--shiki-dark-font-style:italic">.</span><span style="color:#B07D48;font-style:inherit;--shiki-dark:#BAEBE2;--shiki-dark-font-style:italic">value</span><span style="color:#999999;--shiki-dark:#C792EA"> =</span><span style="color:#B07D48;font-style:inherit;--shiki-dark:#D6DEEB;--shiki-dark-font-style:italic"> options</span></span>
<span class="line"></span>
<span class="line"><span style="color:#1E754F;font-style:inherit;--shiki-dark:#C792EA;--shiki-dark-font-style:italic">return</span><span style="color:#999999;--shiki-dark:#C792EA"> &#123;</span></span>
<span class="line"><span style="color:#998418;font-style:inherit;--shiki-dark:#C792EA;--shiki-dark-font-style:italic">  name</span><span style="color:#999999;--shiki-dark:#C792EA">:</span><span style="color:#B5695977;--shiki-dark:#D9F5DD"> '</span><span style="color:#B56959;--shiki-dark:#ECC48D">@sveltepress/theme-default</span><span style="color:#B5695977;--shiki-dark:#D9F5DD">'</span><span style="color:#999999;--shiki-dark:#C792EA">,</span></span>
<span class="line"><span style="color:#998418;font-style:inherit;--shiki-dark:#C792EA;--shiki-dark-font-style:italic">  globalLayout</span><span style="color:#999999;--shiki-dark:#C792EA">:</span><span style="color:#B5695977;--shiki-dark:#D9F5DD"> '</span><span style="color:#B56959;--shiki-dark:#ECC48D">@sveltepress/theme-default/GlobalLayout.svelte</span><span style="color:#B5695977;--shiki-dark:#D9F5DD">'</span><span style="color:#999999;--shiki-dark:#C792EA">,</span></span>
<span class="line"><span style="color:#998418;font-style:inherit;--shiki-dark:#C792EA;--shiki-dark-font-style:italic">  pageLayout</span><span style="color:#999999;--shiki-dark:#C792EA">:</span><span style="color:#B5695977;--shiki-dark:#D9F5DD"> '</span><span style="color:#B56959;--shiki-dark:#ECC48D">@sveltepress/theme-default/PageLayout.svelte</span><span style="color:#B5695977;--shiki-dark:#D9F5DD">'</span><span style="color:#999999;--shiki-dark:#C792EA">,</span></span>
<span class="line"><span style="color:#59873A;font-style:inherit;--shiki-dark:#82AAFF;--shiki-dark-font-style:italic">  vitePlugins</span><span style="color:#999999;--shiki-dark:#C792EA">:</span><span style="color:#AB5959;font-style:inherit;--shiki-dark:#C792EA;--shiki-dark-font-style:italic"> async</span><span style="color:#999999;--shiki-dark:#D9F5DD"> (</span><span style="color:#B07D48;font-style:inherit;--shiki-dark:#D7DBE0;--shiki-dark-font-style:italic">corePlugin</span><span style="color:#999999;--shiki-dark:#D9F5DD">)</span><span style="color:#999999;--shiki-dark:#C792EA"> =></span><span style="color:#999999;--shiki-dark:#C792EA"> &#123;</span></span>
<span class="line"><span style="color:#AB5959;--shiki-dark:#C792EA">    const</span><span style="color:#B07D48;font-style:inherit;--shiki-dark:#82AAFF;--shiki-dark-font-style:italic"> plugins</span><span style="color:#999999;--shiki-dark:#C792EA"> =</span><span style="color:#999999;--shiki-dark:#D6DEEB"> [</span></span>
<span class="line"><span style="color:#999999;--shiki-dark:#7FDBCA">      ...</span><span style="color:#1E754F;font-style:inherit;--shiki-dark:#C792EA;--shiki-dark-font-style:italic">await</span><span style="color:#59873A;font-style:inherit;--shiki-dark:#82AAFF;--shiki-dark-font-style:italic"> createPreCorePlugins</span><span style="color:#999999;--shiki-dark:#D6DEEB">(</span><span style="color:#B07D48;font-style:inherit;--shiki-dark:#D6DEEB;--shiki-dark-font-style:italic">options</span><span style="color:#999999;--shiki-dark:#D6DEEB">),</span></span>
<span class="line"><span style="color:#B07D48;font-style:inherit;--shiki-dark:#D6DEEB;--shiki-dark-font-style:italic">      corePlugin</span><span style="color:#999999;--shiki-dark:#D6DEEB">,</span></span>
<span class="line"><span style="color:#999999;--shiki-dark:#D6DEEB">    ]</span></span>
<span class="line"><span style="color:#1E754F;--shiki-dark:#C792EA">    if</span><span style="color:#999999;--shiki-dark:#D6DEEB"> (</span><span style="color:#B07D48;font-style:inherit;--shiki-dark:#D6DEEB;--shiki-dark-font-style:italic">options</span><span style="color:#999999;font-style:inherit;--shiki-dark:#C792EA;--shiki-dark-font-style:italic">?.</span><span style="color:#B07D48;font-style:inherit;--shiki-dark:#BAEBE2;--shiki-dark-font-style:italic">pwa</span><span style="color:#999999;--shiki-dark:#D6DEEB">)</span><span style="color:#999999;--shiki-dark:#C792EA"> &#123;</span></span></code></pre>
    <div class="svp-code-block--lang">
      ts
    </div>
    <CopyCode />
    
  </div>
</div>"
`;
