// Vitest Snapshot v1, https://vitest.dev/guide/snapshot.html

exports[`line highlight > single line 1`] = `
"
<div class="svp-code-block-wrapper">
  <div class="svp-code-block">
    <div class="svp-code-block--command-line svp-code-block--hl"  style="top: calc(1.5em + 12px);"></div>
    <!-- svelte-ignore a11y_no_noninteractive_tabindex -->
    <pre class="shiki shiki-themes vitesse-light night-owl" style="background-color:#ffffff;--shiki-dark-bg:#011627;color:#393a34;--shiki-dark:#d6deeb" tabindex="0"><code><span class="line"><span style="color:#999999;--shiki-dark:#7FDBCA">&#x3C;</span><span style="color:#1E754F;--shiki-dark:#CAECE6">script</span><span style="color:#999999;--shiki-dark:#7FDBCA">></span></span>
<span class="line"><span style="color:#AB5959;--shiki-dark:#C792EA">  let</span><span style="color:#B07D48;--shiki-dark:#D7DBE0"> count</span><span style="color:#999999;--shiki-dark:#C792EA"> =</span><span style="color:#999999;--shiki-dark:#C792EA"> $</span><span style="color:#59873A;font-style:inherit;--shiki-dark:#82AAFF;--shiki-dark-font-style:italic">state</span><span style="color:#999999;--shiki-dark:#D6DEEB">(</span><span style="color:#2F798A;--shiki-dark:#F78C6C">0</span><span style="color:#999999;--shiki-dark:#D6DEEB">)</span><span style="color:#393A34;font-style:inherit;--shiki-dark:#C792EA;--shiki-dark-font-style:italic"> </span></span>
<span class="line"><span style="color:#999999;--shiki-dark:#7FDBCA">&#x3C;/</span><span style="color:#1E754F;--shiki-dark:#CAECE6">script</span><span style="color:#999999;--shiki-dark:#7FDBCA">></span></span>
<span class="line"></span>
<span class="line"><span style="color:#999999;--shiki-dark:#7FDBCA">&#x3C;</span><span style="color:#1E754F;--shiki-dark:#CAECE6">button</span><span style="color:#B07D48;font-style:inherit;--shiki-dark:#C5E478;--shiki-dark-font-style:italic"> onclick</span><span style="color:#999999;--shiki-dark:#7FDBCA">=</span><span style="color:#B5695977;--shiki-dark:#D9F5DD">"</span><span style="color:#999999;--shiki-dark:#D3423E">&#123;</span><span style="color:#999999;--shiki-dark:#D9F5DD">()</span><span style="color:#999999;--shiki-dark:#C792EA"> =></span><span style="color:#B56959;--shiki-dark:#D6DEEB"> count</span><span style="color:#AB5959;--shiki-dark:#C792EA">++</span><span style="color:#999999;--shiki-dark:#D3423E">&#125;</span><span style="color:#B5695977;--shiki-dark:#D9F5DD">"</span><span style="color:#999999;--shiki-dark:#7FDBCA">></span></span>
<span class="line"><span style="color:#393A34;--shiki-dark:#D6DEEB">  You've clicked </span><span style="color:#999999;--shiki-dark:#D3423E">&#123;</span><span style="color:#B07D48;--shiki-dark:#D6DEEB">count</span><span style="color:#999999;--shiki-dark:#D3423E">&#125;</span><span style="color:#393A34;--shiki-dark:#D6DEEB"> times.</span></span>
<span class="line"><span style="color:#999999;--shiki-dark:#7FDBCA">&#x3C;/</span><span style="color:#1E754F;--shiki-dark:#CAECE6">button</span><span style="color:#999999;--shiki-dark:#7FDBCA">></span></span>
<span class="line"></span></code></pre>
    <div class="svp-code-block--lang">
      svelte
    </div>
    <CopyCode />
    
  </div>
</div>"
`;
