// Vitest Snapshot v1, https://vitest.dev/guide/snapshot.html

exports[`links > simple 1`] = `
"{
  "type": "root",
  "children": [
    {
      "type": "heading",
      "depth": 2,
      "children": [
        {
          "type": "text",
          "value": "Foo",
          "position": {
            "start": {
              "line": 2,
              "column": 4,
              "offset": 4
            },
            "end": {
              "line": 2,
              "column": 7,
              "offset": 7
            }
          }
        }
      ],
      "position": {
        "start": {
          "line": 2,
          "column": 1,
          "offset": 1
        },
        "end": {
          "line": 2,
          "column": 7,
          "offset": 7
        }
      }
    },
    {
      "type": "paragraph",
      "children": [
        {
          "type": "html",
          "value": "<Link to=\\"https://www.google.com/\\">{#snippet labelRenderer()}"
        },
        {
          "type": "text",
          "value": "foo",
          "position": {
            "start": {
              "line": 4,
              "column": 2,
              "offset": 10
            },
            "end": {
              "line": 4,
              "column": 5,
              "offset": 13
            }
          }
        },
        {
          "type": "html",
          "value": "{/snippet}</Link>"
        },
        {
          "type": "text",
          "value": "\\n",
          "position": {
            "start": {
              "line": 4,
              "column": 31,
              "offset": 39
            },
            "end": {
              "line": 5,
              "column": 1,
              "offset": 40
            }
          }
        },
        {
          "type": "html",
          "value": "<Link to=\\"/foo/bar\\">{#snippet labelRenderer()}"
        },
        {
          "type": "text",
          "value": "bar",
          "position": {
            "start": {
              "line": 5,
              "column": 2,
              "offset": 41
            },
            "end": {
              "line": 5,
              "column": 5,
              "offset": 44
            }
          }
        },
        {
          "type": "html",
          "value": "{/snippet}</Link>"
        },
        {
          "type": "text",
          "value": "\\n",
          "position": {
            "start": {
              "line": 5,
              "column": 16,
              "offset": 55
            },
            "end": {
              "line": 6,
              "column": 1,
              "offset": 56
            }
          }
        },
        {
          "type": "html",
          "value": "<Link to=\\"/foo/bar\\">{#snippet labelRenderer()}"
        },
        {
          "type": "inlineCode",
          "value": "with inline code",
          "position": {
            "start": {
              "line": 6,
              "column": 2,
              "offset": 57
            },
            "end": {
              "line": 6,
              "column": 20,
              "offset": 75
            }
          }
        },
        {
          "type": "html",
          "value": "{/snippet}</Link>"
        }
      ],
      "position": {
        "start": {
          "line": 4,
          "column": 1,
          "offset": 9
        },
        "end": {
          "line": 6,
          "column": 31,
          "offset": 86
        }
      }
    }
  ],
  "position": {
    "start": {
      "line": 1,
      "column": 1,
      "offset": 0
    },
    "end": {
      "line": 8,
      "column": 1,
      "offset": 88
    }
  }
}"
`;
