// Vitest Snapshot v1, https://vitest.dev/guide/snapshot.html

exports[`live code > async svelte live code 1`] = `
"<script>
import { Expansion, Link, CopyCode, Tabs, TabPanel, InstallPkg, IconifyIcon } from '@sveltepress/theme-default/components'
</script>
<div class="svp-live-code--container"><div></div>
<div class="svp-live-code--demo">
  
{#await import('/.sveltepress/live-code/LiveCodebaa49804eec.svelte')}
  <div class="svp--async-live-code--loading">
    <svg xmlns="http://www.w3.org/2000/svg" width="1em" height="1em" viewBox="0 0 24 24">
      <defs><filter id="svgSpinnersGooeyBalls20"><feGaussianBlur in="SourceGraphic" result="y" stdDeviation="1"/><feColorMatrix in="y" result="z" values="1 0 0 0 0 0 1 0 0 0 0 0 1 0 0 0 0 0 18 -7"/><feBlend in="SourceGraphic" in2="z"/></filter></defs><g filter="url(#svgSpinnersGooeyBalls20)"><circle cx="5" cy="12" r="4" fill="currentColor"><animate attributeName="cx" calcMode="spline" dur="2s" keySplines=".36,.62,.43,.99;.79,0,.58,.57" repeatCount="indefinite" values="5;8;5"/></circle><circle cx="19" cy="12" r="4" fill="currentColor"><animate attributeName="cx" calcMode="spline" dur="2s" keySplines=".36,.62,.43,.99;.79,0,.58,.57" repeatCount="indefinite" values="19;16;19"/></circle><animateTransform attributeName="transform" dur="0.75s" repeatCount="indefinite" type="rotate" values="0 12 12;360 12 12"/></g>
    </svg>
  </div>
{:then { default: ImportedComponent }}
  <ImportedComponent />
{:catch err}
  <div class="svp--async-live-code--error">
    {err}
  </div>
{/await}

</div>
<Expansion codeType="svelte" title="Click fold/expand code" reverse={true}>
<div class="svp-code-block-wrapper">
  <div class="svp-code-block">
    
    <!-- svelte-ignore a11y_no_noninteractive_tabindex -->
    <pre class="shiki shiki-themes vitesse-light night-owl twoslash lsp" style="background-color:#ffffff;--shiki-dark-bg:#011627;color:#393a34;--shiki-dark:#d6deeb" tabindex="0"><code><span class="line"><span style="color:#999999;--shiki-dark:#7FDBCA">&#x3C;</span><span style="color:#1E754F;--shiki-dark:#CAECE6">h1</span><span style="color:#999999;--shiki-dark:#7FDBCA">></span><span style="color:#393A34;--shiki-dark:#D6DEEB">This is a async svelte live code</span><span style="color:#999999;--shiki-dark:#7FDBCA">&#x3C;/</span><span style="color:#1E754F;--shiki-dark:#CAECE6">h1</span><span style="color:#999999;--shiki-dark:#7FDBCA">></span></span></code></pre>
    <div class="svp-code-block--lang">
      svelte
    </div>
    <CopyCode />
    
  </div>
</div></Expansion></div>"
`;

exports[`live code > simple parse 1`] = `
"<h3>title level 3</h3>
<script module>
import { Expansion, Link, CopyCode, Tabs, TabPanel, InstallPkg, IconifyIcon } from '@sveltepress/theme-default/components'
import LiveCode5666bdf98c2 from '/.sveltepress/live-code/LiveCode5666bdf98c2.svelte'
import LiveCodecb092c7e665 from '/.sveltepress/live-code/LiveCodecb092c7e665.svelte'
  const a = 'a'
  export const b = 'b'
</script>
<script>
  import Foo from '/path/to/Foo.svelte'
</script>
<Foo />
<div class="svp-live-code--container"><div></div>
<div class="svp-live-code--demo">
  <LiveCode5666bdf98c2 />
</div>
<Expansion codeType="svelte" title="Click fold/expand code" reverse={true}>
<div class="svp-code-block-wrapper">
  <div class="svp-code-block">
    
    <!-- svelte-ignore a11y_no_noninteractive_tabindex -->
    <pre class="shiki shiki-themes vitesse-light night-owl twoslash lsp" style="background-color:#ffffff;--shiki-dark-bg:#011627;color:#393a34;--shiki-dark:#d6deeb" tabindex="0"><code><span class="line"><span style="color:#999999;--shiki-dark:#7FDBCA">&#x3C;</span><span style="color:#1E754F;--shiki-dark:#CAECE6">script</span><span style="color:#999999;--shiki-dark:#7FDBCA">></span></span>
<span class="line"><span style="color:#AB5959;--shiki-dark:#C792EA">  let</span><span style="color:#B07D48;--shiki-dark:#D7DBE0"> </span><span style="color:#B07D48;--shiki-dark:#D7DBE0"><Floating class="twoslash-hover"><span>count</span>{#snippet floatingContent()}<span class="twoslash-popup-container"><code class="twoslash-popup-code"><span style="color:#AB5959;--shiki-dark:#C792EA">let</span><span style="color:#B07D48;font-style:inherit;--shiki-dark:#D6DEEB;--shiki-dark-font-style:italic"> count</span><span style="color:#999999;--shiki-dark:#7FDBCA">:</span><span style="color:#2E8F82;font-style:inherit;--shiki-dark:#C5E478;--shiki-dark-font-style:italic"> number</span></code></span>{/snippet}</Floating></span><span style="color:#999999;--shiki-dark:#C792EA"> =</span><span style="color:#999999;--shiki-dark:#C792EA"> </span><span style="color:#999999;--shiki-dark:#C792EA"><Floating class="twoslash-hover"><span>$</span>{#snippet floatingContent()}<span class="twoslash-popup-container"><code class="twoslash-popup-code"><pre class="shiki shiki-themes vitesse-light night-owl" style="background-color:#ffffff;--shiki-dark-bg:#011627;color:#393a34;--shiki-dark:#d6deeb" tabindex="0"><code><span class="line"><span style="color:#AB5959;--shiki-dark:#C792EA">function</span><span style="color:#59873A;font-style:inherit;--shiki-dark:#82AAFF;--shiki-dark-font-style:italic"> $state</span><span style="color:#999999;--shiki-dark:#D6DEEB">&#x3C;</span><span style="color:#2F798A;--shiki-dark:#F78C6C">0</span><span style="color:#999999;--shiki-dark:#D6DEEB">></span><span style="color:#999999;--shiki-dark:#D9F5DD">(</span><span style="color:#B07D48;--shiki-dark:#D7DBE0">initial</span><span style="color:#999999;--shiki-dark:#7FDBCA">:</span><span style="color:#2F798A;--shiki-dark:#F78C6C"> 0</span><span style="color:#999999;--shiki-dark:#D9F5DD">)</span><span style="color:#999999;--shiki-dark:#7FDBCA">:</span><span style="color:#2F798A;--shiki-dark:#F78C6C"> 0</span><span style="color:#999999;--shiki-dark:#D6DEEB"> (</span><span style="color:#393A34;--shiki-dark:#D6DEEB">+</span><span style="color:#2F798A;--shiki-dark:#F78C6C">1</span><span style="color:#2E8F82;--shiki-dark:#FFCB8B"> overload</span><span style="color:#999999;--shiki-dark:#D6DEEB">)</span></span>
<span class="line"><span style="color:#AB5959;--shiki-dark:#C792EA">namespace</span><span style="color:#2E8F82;--shiki-dark:#D6DEEB"> $state</span></span></code></pre></code><div class="twoslash-popup-docs"><p>Declares reactive state.</p>
<p>Example:</p>
<pre class="shiki shiki-themes vitesse-light night-owl" style="background-color:#ffffff;--shiki-dark-bg:#011627;color:#393a34;--shiki-dark:#d6deeb" tabindex="0"><code><span class="line"><span style="color:#AB5959;--shiki-dark:#C792EA">let</span><span style="color:#B07D48;--shiki-dark:#D7DBE0"> count</span><span style="color:#999999;--shiki-dark:#C792EA"> =</span><span style="color:#59873A;font-style:inherit;--shiki-dark:#82AAFF;--shiki-dark-font-style:italic"> $state</span><span style="color:#999999;--shiki-dark:#D6DEEB">(</span><span style="color:#2F798A;--shiki-dark:#F78C6C">0</span><span style="color:#999999;--shiki-dark:#D6DEEB">);</span></span></code></pre>
<p><a href="https://svelte.dev/docs/svelte/$state">https://svelte.dev/docs/svelte/$state</a></p></div><div class="twoslash-popup-docs twoslash-popup-docs-tags"><span class="twoslash-popup-docs-tag"><span class="twoslash-popup-docs-tag-name">@param</span><span class="twoslash-popup-docs-tag-value"><code>initial</code>  The initial value</span></span></div></span>{/snippet}</Floating></span><span style="color:#59873A;font-style:inherit;--shiki-dark:#82AAFF;--shiki-dark-font-style:italic"><Floating class="twoslash-hover"><span>state</span>{#snippet floatingContent()}<span class="twoslash-popup-container"><code class="twoslash-popup-code"><pre class="shiki shiki-themes vitesse-light night-owl" style="background-color:#ffffff;--shiki-dark-bg:#011627;color:#393a34;--shiki-dark:#d6deeb" tabindex="0"><code><span class="line"><span style="color:#AB5959;--shiki-dark:#C792EA">function</span><span style="color:#59873A;font-style:inherit;--shiki-dark:#82AAFF;--shiki-dark-font-style:italic"> $state</span><span style="color:#999999;--shiki-dark:#D6DEEB">&#x3C;</span><span style="color:#2F798A;--shiki-dark:#F78C6C">0</span><span style="color:#999999;--shiki-dark:#D6DEEB">></span><span style="color:#999999;--shiki-dark:#D9F5DD">(</span><span style="color:#B07D48;--shiki-dark:#D7DBE0">initial</span><span style="color:#999999;--shiki-dark:#7FDBCA">:</span><span style="color:#2F798A;--shiki-dark:#F78C6C"> 0</span><span style="color:#999999;--shiki-dark:#D9F5DD">)</span><span style="color:#999999;--shiki-dark:#7FDBCA">:</span><span style="color:#2F798A;--shiki-dark:#F78C6C"> 0</span><span style="color:#999999;--shiki-dark:#D6DEEB"> (</span><span style="color:#393A34;--shiki-dark:#D6DEEB">+</span><span style="color:#2F798A;--shiki-dark:#F78C6C">1</span><span style="color:#2E8F82;--shiki-dark:#FFCB8B"> overload</span><span style="color:#999999;--shiki-dark:#D6DEEB">)</span></span>
<span class="line"><span style="color:#AB5959;--shiki-dark:#C792EA">namespace</span><span style="color:#2E8F82;--shiki-dark:#D6DEEB"> $state</span></span></code></pre></code><div class="twoslash-popup-docs"><p>Declares reactive state.</p>
<p>Example:</p>
<pre class="shiki shiki-themes vitesse-light night-owl" style="background-color:#ffffff;--shiki-dark-bg:#011627;color:#393a34;--shiki-dark:#d6deeb" tabindex="0"><code><span class="line"><span style="color:#AB5959;--shiki-dark:#C792EA">let</span><span style="color:#B07D48;--shiki-dark:#D7DBE0"> count</span><span style="color:#999999;--shiki-dark:#C792EA"> =</span><span style="color:#59873A;font-style:inherit;--shiki-dark:#82AAFF;--shiki-dark-font-style:italic"> $state</span><span style="color:#999999;--shiki-dark:#D6DEEB">(</span><span style="color:#2F798A;--shiki-dark:#F78C6C">0</span><span style="color:#999999;--shiki-dark:#D6DEEB">);</span></span></code></pre>
<p><a href="https://svelte.dev/docs/svelte/$state">https://svelte.dev/docs/svelte/$state</a></p></div><div class="twoslash-popup-docs twoslash-popup-docs-tags"><span class="twoslash-popup-docs-tag"><span class="twoslash-popup-docs-tag-name">@param</span><span class="twoslash-popup-docs-tag-value"><code>initial</code>  The initial value</span></span></div></span>{/snippet}</Floating></span><span style="color:#999999;--shiki-dark:#D6DEEB">(</span><span style="color:#2F798A;--shiki-dark:#F78C6C">0</span><span style="color:#999999;--shiki-dark:#D6DEEB">)</span></span>
<span class="line"><span style="color:#999999;--shiki-dark:#7FDBCA">&#x3C;/</span><span style="color:#1E754F;--shiki-dark:#CAECE6">script</span><span style="color:#999999;--shiki-dark:#7FDBCA">></span></span>
<span class="line"></span>
<span class="line"><span style="color:#999999;--shiki-dark:#7FDBCA">&#x3C;</span><span style="color:#1E754F;--shiki-dark:#CAECE6">button</span><span style="color:#B07D48;font-style:inherit;--shiki-dark:#C5E478;--shiki-dark-font-style:italic"> onclick</span><span style="color:#999999;--shiki-dark:#7FDBCA">=</span><span style="color:#999999;--shiki-dark:#D3423E">&#123;</span><span style="color:#999999;--shiki-dark:#D9F5DD">()</span><span style="color:#999999;--shiki-dark:#C792EA"> =></span><span style="color:#B07D48;--shiki-dark:#D6DEEB"> </span><span style="color:#B07D48;--shiki-dark:#D6DEEB"><Floating class="twoslash-hover"><span>count</span>{#snippet floatingContent()}<span class="twoslash-popup-container"><code class="twoslash-popup-code"><span style="color:#AB5959;--shiki-dark:#C792EA">let</span><span style="color:#B07D48;font-style:inherit;--shiki-dark:#D6DEEB;--shiki-dark-font-style:italic"> count</span><span style="color:#999999;--shiki-dark:#7FDBCA">:</span><span style="color:#2E8F82;font-style:inherit;--shiki-dark:#C5E478;--shiki-dark-font-style:italic"> number</span></code></span>{/snippet}</Floating></span><span style="color:#AB5959;--shiki-dark:#C792EA">++</span><span style="color:#999999;--shiki-dark:#D3423E">&#125;</span><span style="color:#999999;--shiki-dark:#7FDBCA">></span></span>
<span class="line"><span style="color:#393A34;--shiki-dark:#D6DEEB">  You've clicked </span><span style="color:#999999;--shiki-dark:#D3423E">&#123;</span><span style="color:#B07D48;--shiki-dark:#D6DEEB"><Floating class="twoslash-hover"><span>count</span>{#snippet floatingContent()}<span class="twoslash-popup-container"><code class="twoslash-popup-code"><span style="color:#AB5959;--shiki-dark:#C792EA">let</span><span style="color:#B07D48;font-style:inherit;--shiki-dark:#D6DEEB;--shiki-dark-font-style:italic"> count</span><span style="color:#999999;--shiki-dark:#7FDBCA">:</span><span style="color:#2E8F82;font-style:inherit;--shiki-dark:#C5E478;--shiki-dark-font-style:italic"> number</span></code></span>{/snippet}</Floating></span><span style="color:#999999;--shiki-dark:#D3423E">&#125;</span><span style="color:#393A34;--shiki-dark:#D6DEEB"> times</span></span>
<span class="line"><span style="color:#999999;--shiki-dark:#7FDBCA">&#x3C;/</span><span style="color:#1E754F;--shiki-dark:#CAECE6">button</span><span style="color:#999999;--shiki-dark:#7FDBCA">></span></span></code></pre>
    <div class="svp-code-block--lang">
      svelte
    </div>
    <CopyCode />
    
  </div>
</div></Expansion></div>
<div class="svp-live-code--container"><div></div>
<div class="svp-live-code--demo">
  <LiveCodecb092c7e665 />
</div>
<Expansion codeType="svelte" title="Click fold/expand code" reverse={true}>
<div class="svp-code-block-wrapper">
  <div class="svp-code-block">
    
    <!-- svelte-ignore a11y_no_noninteractive_tabindex -->
    <pre class="shiki shiki-themes vitesse-light night-owl twoslash lsp" style="background-color:#ffffff;--shiki-dark-bg:#011627;color:#393a34;--shiki-dark:#d6deeb" tabindex="0"><code><span class="line"><span style="color:#999999;--shiki-dark:#7FDBCA">&#x3C;</span><span style="color:#1E754F;--shiki-dark:#CAECE6">script</span><span style="color:#999999;--shiki-dark:#7FDBCA">></span></span>
<span class="line"><span style="color:#AB5959;--shiki-dark:#C792EA">  let</span><span style="color:#B07D48;--shiki-dark:#D7DBE0"> </span><span style="color:#B07D48;--shiki-dark:#D7DBE0"><Floating class="twoslash-hover"><span>count</span>{#snippet floatingContent()}<span class="twoslash-popup-container"><code class="twoslash-popup-code"><span style="color:#AB5959;--shiki-dark:#C792EA">let</span><span style="color:#B07D48;font-style:inherit;--shiki-dark:#D6DEEB;--shiki-dark-font-style:italic"> count</span><span style="color:#999999;--shiki-dark:#7FDBCA">:</span><span style="color:#2E8F82;font-style:inherit;--shiki-dark:#C5E478;--shiki-dark-font-style:italic"> number</span></code></span>{/snippet}</Floating></span><span style="color:#999999;--shiki-dark:#C792EA"> =</span><span style="color:#999999;--shiki-dark:#C792EA"> </span><span style="color:#999999;--shiki-dark:#C792EA"><Floating class="twoslash-hover"><span>$</span>{#snippet floatingContent()}<span class="twoslash-popup-container"><code class="twoslash-popup-code"><pre class="shiki shiki-themes vitesse-light night-owl" style="background-color:#ffffff;--shiki-dark-bg:#011627;color:#393a34;--shiki-dark:#d6deeb" tabindex="0"><code><span class="line"><span style="color:#AB5959;--shiki-dark:#C792EA">function</span><span style="color:#59873A;font-style:inherit;--shiki-dark:#82AAFF;--shiki-dark-font-style:italic"> $state</span><span style="color:#999999;--shiki-dark:#D6DEEB">&#x3C;</span><span style="color:#2F798A;--shiki-dark:#F78C6C">0</span><span style="color:#999999;--shiki-dark:#D6DEEB">></span><span style="color:#999999;--shiki-dark:#D9F5DD">(</span><span style="color:#B07D48;--shiki-dark:#D7DBE0">initial</span><span style="color:#999999;--shiki-dark:#7FDBCA">:</span><span style="color:#2F798A;--shiki-dark:#F78C6C"> 0</span><span style="color:#999999;--shiki-dark:#D9F5DD">)</span><span style="color:#999999;--shiki-dark:#7FDBCA">:</span><span style="color:#2F798A;--shiki-dark:#F78C6C"> 0</span><span style="color:#999999;--shiki-dark:#D6DEEB"> (</span><span style="color:#393A34;--shiki-dark:#D6DEEB">+</span><span style="color:#2F798A;--shiki-dark:#F78C6C">1</span><span style="color:#2E8F82;--shiki-dark:#FFCB8B"> overload</span><span style="color:#999999;--shiki-dark:#D6DEEB">)</span></span>
<span class="line"><span style="color:#AB5959;--shiki-dark:#C792EA">namespace</span><span style="color:#2E8F82;--shiki-dark:#D6DEEB"> $state</span></span></code></pre></code><div class="twoslash-popup-docs"><p>Declares reactive state.</p>
<p>Example:</p>
<pre class="shiki shiki-themes vitesse-light night-owl" style="background-color:#ffffff;--shiki-dark-bg:#011627;color:#393a34;--shiki-dark:#d6deeb" tabindex="0"><code><span class="line"><span style="color:#AB5959;--shiki-dark:#C792EA">let</span><span style="color:#B07D48;--shiki-dark:#D7DBE0"> count</span><span style="color:#999999;--shiki-dark:#C792EA"> =</span><span style="color:#59873A;font-style:inherit;--shiki-dark:#82AAFF;--shiki-dark-font-style:italic"> $state</span><span style="color:#999999;--shiki-dark:#D6DEEB">(</span><span style="color:#2F798A;--shiki-dark:#F78C6C">0</span><span style="color:#999999;--shiki-dark:#D6DEEB">);</span></span></code></pre>
<p><a href="https://svelte.dev/docs/svelte/$state">https://svelte.dev/docs/svelte/$state</a></p></div><div class="twoslash-popup-docs twoslash-popup-docs-tags"><span class="twoslash-popup-docs-tag"><span class="twoslash-popup-docs-tag-name">@param</span><span class="twoslash-popup-docs-tag-value"><code>initial</code>  The initial value</span></span></div></span>{/snippet}</Floating></span><span style="color:#59873A;font-style:inherit;--shiki-dark:#82AAFF;--shiki-dark-font-style:italic"><Floating class="twoslash-hover"><span>state</span>{#snippet floatingContent()}<span class="twoslash-popup-container"><code class="twoslash-popup-code"><pre class="shiki shiki-themes vitesse-light night-owl" style="background-color:#ffffff;--shiki-dark-bg:#011627;color:#393a34;--shiki-dark:#d6deeb" tabindex="0"><code><span class="line"><span style="color:#AB5959;--shiki-dark:#C792EA">function</span><span style="color:#59873A;font-style:inherit;--shiki-dark:#82AAFF;--shiki-dark-font-style:italic"> $state</span><span style="color:#999999;--shiki-dark:#D6DEEB">&#x3C;</span><span style="color:#2F798A;--shiki-dark:#F78C6C">0</span><span style="color:#999999;--shiki-dark:#D6DEEB">></span><span style="color:#999999;--shiki-dark:#D9F5DD">(</span><span style="color:#B07D48;--shiki-dark:#D7DBE0">initial</span><span style="color:#999999;--shiki-dark:#7FDBCA">:</span><span style="color:#2F798A;--shiki-dark:#F78C6C"> 0</span><span style="color:#999999;--shiki-dark:#D9F5DD">)</span><span style="color:#999999;--shiki-dark:#7FDBCA">:</span><span style="color:#2F798A;--shiki-dark:#F78C6C"> 0</span><span style="color:#999999;--shiki-dark:#D6DEEB"> (</span><span style="color:#393A34;--shiki-dark:#D6DEEB">+</span><span style="color:#2F798A;--shiki-dark:#F78C6C">1</span><span style="color:#2E8F82;--shiki-dark:#FFCB8B"> overload</span><span style="color:#999999;--shiki-dark:#D6DEEB">)</span></span>
<span class="line"><span style="color:#AB5959;--shiki-dark:#C792EA">namespace</span><span style="color:#2E8F82;--shiki-dark:#D6DEEB"> $state</span></span></code></pre></code><div class="twoslash-popup-docs"><p>Declares reactive state.</p>
<p>Example:</p>
<pre class="shiki shiki-themes vitesse-light night-owl" style="background-color:#ffffff;--shiki-dark-bg:#011627;color:#393a34;--shiki-dark:#d6deeb" tabindex="0"><code><span class="line"><span style="color:#AB5959;--shiki-dark:#C792EA">let</span><span style="color:#B07D48;--shiki-dark:#D7DBE0"> count</span><span style="color:#999999;--shiki-dark:#C792EA"> =</span><span style="color:#59873A;font-style:inherit;--shiki-dark:#82AAFF;--shiki-dark-font-style:italic"> $state</span><span style="color:#999999;--shiki-dark:#D6DEEB">(</span><span style="color:#2F798A;--shiki-dark:#F78C6C">0</span><span style="color:#999999;--shiki-dark:#D6DEEB">);</span></span></code></pre>
<p><a href="https://svelte.dev/docs/svelte/$state">https://svelte.dev/docs/svelte/$state</a></p></div><div class="twoslash-popup-docs twoslash-popup-docs-tags"><span class="twoslash-popup-docs-tag"><span class="twoslash-popup-docs-tag-name">@param</span><span class="twoslash-popup-docs-tag-value"><code>initial</code>  The initial value</span></span></div></span>{/snippet}</Floating></span><span style="color:#999999;--shiki-dark:#D6DEEB">(</span><span style="color:#2F798A;--shiki-dark:#F78C6C">0</span><span style="color:#999999;--shiki-dark:#D6DEEB">)</span></span>
<span class="line"><span style="color:#999999;--shiki-dark:#7FDBCA">&#x3C;/</span><span style="color:#1E754F;--shiki-dark:#CAECE6">script</span><span style="color:#999999;--shiki-dark:#7FDBCA">></span></span>
<span class="line"></span>
<span class="line"><span style="color:#999999;--shiki-dark:#7FDBCA">&#x3C;</span><span style="color:#1E754F;--shiki-dark:#CAECE6">button</span><span style="color:#B07D48;font-style:inherit;--shiki-dark:#C5E478;--shiki-dark-font-style:italic"> onclick</span><span style="color:#999999;--shiki-dark:#7FDBCA">=</span><span style="color:#999999;--shiki-dark:#D3423E">&#123;</span><span style="color:#999999;--shiki-dark:#D9F5DD">()</span><span style="color:#999999;--shiki-dark:#C792EA"> =></span><span style="color:#B07D48;--shiki-dark:#D6DEEB"> </span><span style="color:#B07D48;--shiki-dark:#D6DEEB"><Floating class="twoslash-hover"><span>count</span>{#snippet floatingContent()}<span class="twoslash-popup-container"><code class="twoslash-popup-code"><span style="color:#AB5959;--shiki-dark:#C792EA">let</span><span style="color:#B07D48;font-style:inherit;--shiki-dark:#D6DEEB;--shiki-dark-font-style:italic"> count</span><span style="color:#999999;--shiki-dark:#7FDBCA">:</span><span style="color:#2E8F82;font-style:inherit;--shiki-dark:#C5E478;--shiki-dark-font-style:italic"> number</span></code></span>{/snippet}</Floating></span><span style="color:#AB5959;--shiki-dark:#C792EA">++</span><span style="color:#999999;--shiki-dark:#D3423E">&#125;</span><span style="color:#999999;--shiki-dark:#7FDBCA">></span></span>
<span class="line"><span style="color:#393A34;--shiki-dark:#D6DEEB">  You've clicked </span><span style="color:#999999;--shiki-dark:#D3423E">&#123;</span><span style="color:#B07D48;--shiki-dark:#D6DEEB"><Floating class="twoslash-hover"><span>count</span>{#snippet floatingContent()}<span class="twoslash-popup-container"><code class="twoslash-popup-code"><span style="color:#AB5959;--shiki-dark:#C792EA">let</span><span style="color:#B07D48;font-style:inherit;--shiki-dark:#D6DEEB;--shiki-dark-font-style:italic"> count</span><span style="color:#999999;--shiki-dark:#7FDBCA">:</span><span style="color:#2E8F82;font-style:inherit;--shiki-dark:#C5E478;--shiki-dark-font-style:italic"> number</span></code></span>{/snippet}</Floating></span><span style="color:#999999;--shiki-dark:#D3423E">&#125;</span><span style="color:#393A34;--shiki-dark:#D6DEEB"> times</span></span>
<span class="line"><span style="color:#999999;--shiki-dark:#7FDBCA">&#x3C;/</span><span style="color:#1E754F;--shiki-dark:#CAECE6">button</span><span style="color:#999999;--shiki-dark:#7FDBCA">></span></span></code></pre>
    <div class="svp-code-block--lang">
      svelte
    </div>
    <CopyCode />
    
  </div>
</div></Expansion></div>
<div class="svp-live-code--container"><div></div><div class="p-4"><h3>title</h3><ul>
<li>list item1</li>
<li>list item2
<a href="https://google.com">Google</a></li>
</ul></div><Expansion codeType="md" title="Click fold/expand code" reverse={true}>
<div class="svp-code-block-wrapper">
  <div class="svp-code-block">
    
    <!-- svelte-ignore a11y_no_noninteractive_tabindex -->
    <pre class="shiki shiki-themes vitesse-light night-owl" style="background-color:#ffffff;--shiki-dark-bg:#011627;color:#393a34;--shiki-dark:#d6deeb" tabindex="0"><code><span class="line"><span style="color:#999999;font-weight:bold;--shiki-dark:#82B1FF;--shiki-dark-font-weight:inherit">###</span><span style="color:#1C6B48;font-weight:bold;--shiki-dark:#82B1FF;--shiki-dark-font-weight:inherit"> title</span></span>
<span class="line"></span>
<span class="line"><span style="color:#A65E2B;--shiki-dark:#D9F5DD">*</span><span style="color:#393A34;--shiki-dark:#D6DEEB"> list item1</span></span>
<span class="line"><span style="color:#A65E2B;--shiki-dark:#D9F5DD">*</span><span style="color:#393A34;--shiki-dark:#D6DEEB"> list item2</span></span>
<span class="line"><span style="color:#999999;--shiki-dark:#D6DEEB">[</span><span style="color:#B56959;--shiki-dark:#D6DEEB">Google</span><span style="color:#999999;--shiki-dark:#D6DEEB">]</span><span style="color:#999999;--shiki-dark:#7FDBCA">(</span><span style="color:#393A3490;text-decoration:underline;--shiki-dark:#FF869A;--shiki-dark-text-decoration:inherit">https://google.com</span><span style="color:#999999;--shiki-dark:#7FDBCA">)</span></span></code></pre>
    <div class="svp-code-block--lang">
      md
    </div>
    <CopyCode />
    
  </div>
</div></Expansion></div>
<div class="svp-live-code--container"><div></div><div class="p-4"><div id="title" class="svp-anchor-item"></div>
<h3><a href="#title" class="svp-title-anchor" aria-label="title"><svg xmlns="http://www.w3.org/2000/svg" width="1em" height="1em" viewBox="0 0 512 512"><path d="M280 341.1l-1.2.1c-3.6.4-7 2-9.6 4.5l-64.6 64.6c-13.7 13.7-32 21.2-51.5 21.2s-37.8-7.5-51.5-21.2c-13.7-13.7-21.2-32-21.2-51.5s7.5-37.8 21.2-51.5l68.6-68.6c3.5-3.5 7.3-6.6 11.4-9.3 4.6-3 9.6-5.6 14.8-7.5 4.8-1.8 9.9-3 15-3.7 3.4-.5 6.9-.7 10.2-.7 1.4 0 2.8.1 4.6.2 17.7 1.1 34.4 8.6 46.8 21 7.7 7.7 13.6 17.1 17.1 27.3 2.8 8 11.2 12.5 19.3 10.1.1 0 .2-.1.3-.1.1 0 .2 0 .2-.1 8.1-2.5 12.8-11 10.5-19.1-4.4-15.6-12.2-28.7-24.6-41-15.6-15.6-35.9-25.8-57.6-29.3-1.9-.3-3.8-.6-5.7-.8-3.7-.4-7.4-.6-11.1-.6-2.6 0-5.2.1-7.7.3-5.4.4-10.8 1.2-16.2 2.5-1.1.2-2.1.5-3.2.8-6.7 1.8-13.3 4.2-19.5 7.3-10.3 5.1-19.6 11.7-27.7 19.9l-68.6 68.6C58.9 304.4 48 330.8 48 359c0 28.2 10.9 54.6 30.7 74.4C98.5 453.1 124.9 464 153 464c28.2 0 54.6-10.9 74.4-30.7l65.3-65.3c10.4-10.5 2-28.3-12.7-26.9z" fill="currentColor"></path><path d="M433.3 78.7C413.5 58.9 387.1 48 359 48s-54.6 10.9-74.4 30.7l-63.7 63.7c-9.7 9.7-3.6 26.3 10.1 27.4 4.7.4 9.3-1.3 12.7-4.6l63.8-63.6c13.7-13.7 32-21.2 51.5-21.2s37.8 7.5 51.5 21.2c13.7 13.7 21.2 32 21.2 51.5s-7.5 37.8-21.2 51.5l-68.6 68.6c-3.5 3.5-7.3 6.6-11.4 9.3-4.6 3-9.6 5.6-14.8 7.5-4.8 1.8-9.9 3-15 3.7-3.4.5-6.9.7-10.2.7-1.4 0-2.9-.1-4.6-.2-17.7-1.1-34.4-8.6-46.8-21-7.3-7.3-12.8-16-16.4-25.5-2.9-7.7-11.1-11.9-19.1-9.8-8.9 2.3-14.1 11.7-11.3 20.5 4.5 14 12.1 25.9 23.7 37.5l.2.2c16.9 16.9 39.4 27.6 63.3 30.1 3.7.4 7.4.6 11.1.6 2.6 0 5.2-.1 7.8-.3 6.5-.5 13-1.6 19.3-3.2 6.7-1.8 13.3-4.2 19.5-7.3 10.3-5.1 19.6-11.7 27.7-19.9l68.6-68.6c19.8-19.8 30.7-46.2 30.7-74.4s-11.1-54.6-30.9-74.4z" fill="currentColor"></path></svg></a>title</h3>
<div class="admonition admonition-tip"><div class="admonition-heading"><span class="admonition-icon"><IconifyIcon collection="custom" name="icon" /></span>Tip title</div><div class="admonition-content"><p>This is a tip</p></div></div>

<div class="svp-code-block-wrapper">
  <div class="svp-code-block">
    
    <!-- svelte-ignore a11y_no_noninteractive_tabindex -->
    <pre class="shiki shiki-themes vitesse-light night-owl twoslash lsp" style="background-color:#ffffff;--shiki-dark-bg:#011627;color:#393a34;--shiki-dark:#d6deeb" tabindex="0"><code><span class="line"><span style="color:#999999;--shiki-dark:#7FDBCA">&#x3C;</span><span style="color:#1E754F;--shiki-dark:#CAECE6">script</span><span style="color:#999999;--shiki-dark:#7FDBCA">></span></span>
<span class="line"><span style="color:#AB5959;--shiki-dark:#C792EA">  let</span><span style="color:#B07D48;--shiki-dark:#D7DBE0"> </span><span style="color:#B07D48;--shiki-dark:#D7DBE0"><Floating class="twoslash-hover"><span>count</span>{#snippet floatingContent()}<span class="twoslash-popup-container"><code class="twoslash-popup-code"><span style="color:#AB5959;--shiki-dark:#C792EA">let</span><span style="color:#B07D48;font-style:inherit;--shiki-dark:#D6DEEB;--shiki-dark-font-style:italic"> count</span><span style="color:#999999;--shiki-dark:#7FDBCA">:</span><span style="color:#2E8F82;font-style:inherit;--shiki-dark:#C5E478;--shiki-dark-font-style:italic"> number</span></code></span>{/snippet}</Floating></span><span style="color:#999999;--shiki-dark:#C792EA"> =</span><span style="color:#999999;--shiki-dark:#C792EA"> </span><span style="color:#999999;--shiki-dark:#C792EA"><Floating class="twoslash-hover"><span>$</span>{#snippet floatingContent()}<span class="twoslash-popup-container"><code class="twoslash-popup-code"><pre class="shiki shiki-themes vitesse-light night-owl" style="background-color:#ffffff;--shiki-dark-bg:#011627;color:#393a34;--shiki-dark:#d6deeb" tabindex="0"><code><span class="line"><span style="color:#AB5959;--shiki-dark:#C792EA">function</span><span style="color:#59873A;font-style:inherit;--shiki-dark:#82AAFF;--shiki-dark-font-style:italic"> $state</span><span style="color:#999999;--shiki-dark:#D6DEEB">&#x3C;</span><span style="color:#2F798A;--shiki-dark:#F78C6C">0</span><span style="color:#999999;--shiki-dark:#D6DEEB">></span><span style="color:#999999;--shiki-dark:#D9F5DD">(</span><span style="color:#B07D48;--shiki-dark:#D7DBE0">initial</span><span style="color:#999999;--shiki-dark:#7FDBCA">:</span><span style="color:#2F798A;--shiki-dark:#F78C6C"> 0</span><span style="color:#999999;--shiki-dark:#D9F5DD">)</span><span style="color:#999999;--shiki-dark:#7FDBCA">:</span><span style="color:#2F798A;--shiki-dark:#F78C6C"> 0</span><span style="color:#999999;--shiki-dark:#D6DEEB"> (</span><span style="color:#393A34;--shiki-dark:#D6DEEB">+</span><span style="color:#2F798A;--shiki-dark:#F78C6C">1</span><span style="color:#2E8F82;--shiki-dark:#FFCB8B"> overload</span><span style="color:#999999;--shiki-dark:#D6DEEB">)</span></span>
<span class="line"><span style="color:#AB5959;--shiki-dark:#C792EA">namespace</span><span style="color:#2E8F82;--shiki-dark:#D6DEEB"> $state</span></span></code></pre></code><div class="twoslash-popup-docs"><p>Declares reactive state.</p>
<p>Example:</p>
<pre class="shiki shiki-themes vitesse-light night-owl" style="background-color:#ffffff;--shiki-dark-bg:#011627;color:#393a34;--shiki-dark:#d6deeb" tabindex="0"><code><span class="line"><span style="color:#AB5959;--shiki-dark:#C792EA">let</span><span style="color:#B07D48;--shiki-dark:#D7DBE0"> count</span><span style="color:#999999;--shiki-dark:#C792EA"> =</span><span style="color:#59873A;font-style:inherit;--shiki-dark:#82AAFF;--shiki-dark-font-style:italic"> $state</span><span style="color:#999999;--shiki-dark:#D6DEEB">(</span><span style="color:#2F798A;--shiki-dark:#F78C6C">0</span><span style="color:#999999;--shiki-dark:#D6DEEB">);</span></span></code></pre>
<p><a href="https://svelte.dev/docs/svelte/$state">https://svelte.dev/docs/svelte/$state</a></p></div><div class="twoslash-popup-docs twoslash-popup-docs-tags"><span class="twoslash-popup-docs-tag"><span class="twoslash-popup-docs-tag-name">@param</span><span class="twoslash-popup-docs-tag-value"><code>initial</code>  The initial value</span></span></div></span>{/snippet}</Floating></span><span style="color:#59873A;font-style:inherit;--shiki-dark:#82AAFF;--shiki-dark-font-style:italic"><Floating class="twoslash-hover"><span>state</span>{#snippet floatingContent()}<span class="twoslash-popup-container"><code class="twoslash-popup-code"><pre class="shiki shiki-themes vitesse-light night-owl" style="background-color:#ffffff;--shiki-dark-bg:#011627;color:#393a34;--shiki-dark:#d6deeb" tabindex="0"><code><span class="line"><span style="color:#AB5959;--shiki-dark:#C792EA">function</span><span style="color:#59873A;font-style:inherit;--shiki-dark:#82AAFF;--shiki-dark-font-style:italic"> $state</span><span style="color:#999999;--shiki-dark:#D6DEEB">&#x3C;</span><span style="color:#2F798A;--shiki-dark:#F78C6C">0</span><span style="color:#999999;--shiki-dark:#D6DEEB">></span><span style="color:#999999;--shiki-dark:#D9F5DD">(</span><span style="color:#B07D48;--shiki-dark:#D7DBE0">initial</span><span style="color:#999999;--shiki-dark:#7FDBCA">:</span><span style="color:#2F798A;--shiki-dark:#F78C6C"> 0</span><span style="color:#999999;--shiki-dark:#D9F5DD">)</span><span style="color:#999999;--shiki-dark:#7FDBCA">:</span><span style="color:#2F798A;--shiki-dark:#F78C6C"> 0</span><span style="color:#999999;--shiki-dark:#D6DEEB"> (</span><span style="color:#393A34;--shiki-dark:#D6DEEB">+</span><span style="color:#2F798A;--shiki-dark:#F78C6C">1</span><span style="color:#2E8F82;--shiki-dark:#FFCB8B"> overload</span><span style="color:#999999;--shiki-dark:#D6DEEB">)</span></span>
<span class="line"><span style="color:#AB5959;--shiki-dark:#C792EA">namespace</span><span style="color:#2E8F82;--shiki-dark:#D6DEEB"> $state</span></span></code></pre></code><div class="twoslash-popup-docs"><p>Declares reactive state.</p>
<p>Example:</p>
<pre class="shiki shiki-themes vitesse-light night-owl" style="background-color:#ffffff;--shiki-dark-bg:#011627;color:#393a34;--shiki-dark:#d6deeb" tabindex="0"><code><span class="line"><span style="color:#AB5959;--shiki-dark:#C792EA">let</span><span style="color:#B07D48;--shiki-dark:#D7DBE0"> count</span><span style="color:#999999;--shiki-dark:#C792EA"> =</span><span style="color:#59873A;font-style:inherit;--shiki-dark:#82AAFF;--shiki-dark-font-style:italic"> $state</span><span style="color:#999999;--shiki-dark:#D6DEEB">(</span><span style="color:#2F798A;--shiki-dark:#F78C6C">0</span><span style="color:#999999;--shiki-dark:#D6DEEB">);</span></span></code></pre>
<p><a href="https://svelte.dev/docs/svelte/$state">https://svelte.dev/docs/svelte/$state</a></p></div><div class="twoslash-popup-docs twoslash-popup-docs-tags"><span class="twoslash-popup-docs-tag"><span class="twoslash-popup-docs-tag-name">@param</span><span class="twoslash-popup-docs-tag-value"><code>initial</code>  The initial value</span></span></div></span>{/snippet}</Floating></span><span style="color:#999999;--shiki-dark:#D6DEEB">(</span><span style="color:#2F798A;--shiki-dark:#F78C6C">0</span><span style="color:#999999;--shiki-dark:#D6DEEB">)</span></span>
<span class="line"><span style="color:#999999;--shiki-dark:#7FDBCA">&#x3C;/</span><span style="color:#1E754F;--shiki-dark:#CAECE6">script</span><span style="color:#999999;--shiki-dark:#7FDBCA">></span></span>
<span class="line"></span>
<span class="line"><span style="color:#999999;--shiki-dark:#7FDBCA">&#x3C;</span><span style="color:#1E754F;--shiki-dark:#CAECE6">button</span><span style="color:#B07D48;font-style:inherit;--shiki-dark:#C5E478;--shiki-dark-font-style:italic"> onclick</span><span style="color:#999999;--shiki-dark:#7FDBCA">=</span><span style="color:#999999;--shiki-dark:#D3423E">&#123;</span><span style="color:#999999;--shiki-dark:#D9F5DD">()</span><span style="color:#999999;--shiki-dark:#C792EA"> =></span><span style="color:#B07D48;--shiki-dark:#D6DEEB"> </span><span style="color:#B07D48;--shiki-dark:#D6DEEB"><Floating class="twoslash-hover"><span>count</span>{#snippet floatingContent()}<span class="twoslash-popup-container"><code class="twoslash-popup-code"><span style="color:#AB5959;--shiki-dark:#C792EA">let</span><span style="color:#B07D48;font-style:inherit;--shiki-dark:#D6DEEB;--shiki-dark-font-style:italic"> count</span><span style="color:#999999;--shiki-dark:#7FDBCA">:</span><span style="color:#2E8F82;font-style:inherit;--shiki-dark:#C5E478;--shiki-dark-font-style:italic"> number</span></code></span>{/snippet}</Floating></span><span style="color:#AB5959;--shiki-dark:#C792EA">++</span><span style="color:#999999;--shiki-dark:#D3423E">&#125;</span><span style="color:#999999;--shiki-dark:#7FDBCA">></span></span>
<span class="line"><span style="color:#393A34;--shiki-dark:#D6DEEB">  You've clicked </span><span style="color:#999999;--shiki-dark:#D3423E">&#123;</span><span style="color:#B07D48;--shiki-dark:#D6DEEB"><Floating class="twoslash-hover"><span>count</span>{#snippet floatingContent()}<span class="twoslash-popup-container"><code class="twoslash-popup-code"><span style="color:#AB5959;--shiki-dark:#C792EA">let</span><span style="color:#B07D48;font-style:inherit;--shiki-dark:#D6DEEB;--shiki-dark-font-style:italic"> count</span><span style="color:#999999;--shiki-dark:#7FDBCA">:</span><span style="color:#2E8F82;font-style:inherit;--shiki-dark:#C5E478;--shiki-dark-font-style:italic"> number</span></code></span>{/snippet}</Floating></span><span style="color:#999999;--shiki-dark:#D3423E">&#125;</span><span style="color:#393A34;--shiki-dark:#D6DEEB"> times</span></span>
<span class="line"><span style="color:#999999;--shiki-dark:#7FDBCA">&#x3C;/</span><span style="color:#1E754F;--shiki-dark:#CAECE6">button</span><span style="color:#999999;--shiki-dark:#7FDBCA">></span></span></code></pre>
    <div class="svp-code-block--lang">
      svelte
    </div>
    <CopyCode />
    
  </div>
</div></div><Expansion codeType="md" title="Click fold/expand code" reverse={true}>
<div class="svp-code-block-wrapper">
  <div class="svp-code-block">
    
    <!-- svelte-ignore a11y_no_noninteractive_tabindex -->
    <pre class="shiki shiki-themes vitesse-light night-owl" style="background-color:#ffffff;--shiki-dark-bg:#011627;color:#393a34;--shiki-dark:#d6deeb" tabindex="0"><code><span class="line"><span style="color:#999999;font-weight:bold;--shiki-dark:#82B1FF;--shiki-dark-font-weight:inherit">###</span><span style="color:#1C6B48;font-weight:bold;--shiki-dark:#82B1FF;--shiki-dark-font-weight:inherit"> title</span></span>
<span class="line"></span>
<span class="line"><span style="color:#393A34;--shiki-dark:#D6DEEB">:::tip[Tip title]&#123;icon=custom:icon&#125;</span></span>
<span class="line"><span style="color:#393A34;--shiki-dark:#D6DEEB">This is a tip</span></span>
<span class="line"><span style="color:#393A34;--shiki-dark:#D6DEEB">:::</span></span>
<span class="line"></span>
<span class="line"><span style="color:#999999;--shiki-dark:#D6DEEB">\`\`\`</span><span style="color:#393A34;--shiki-dark:#D6DEEB">svelte</span></span>
<span class="line"><span style="color:#393A34;--shiki-dark:#D6DEEB">&#x3C;script></span></span>
<span class="line"><span style="color:#393A34;--shiki-dark:#D6DEEB">  let count = $state(0)</span></span>
<span class="line"><span style="color:#393A34;--shiki-dark:#D6DEEB">&#x3C;/script></span></span>
<span class="line"></span>
<span class="line"><span style="color:#393A34;--shiki-dark:#D6DEEB">&#x3C;button onclick=&#123;() => count++&#125;></span></span>
<span class="line"><span style="color:#393A34;--shiki-dark:#D6DEEB">  You've clicked &#123;count&#125; times</span></span>
<span class="line"><span style="color:#393A34;--shiki-dark:#D6DEEB">&#x3C;/button></span></span>
<span class="line"><span style="color:#999999;--shiki-dark:#D6DEEB">\`\`\`</span></span></code></pre>
    <div class="svp-code-block--lang">
      md
    </div>
    <CopyCode />
    
  </div>
</div></Expansion></div>"
`;
