// Vitest Snapshot v1, https://vitest.dev/guide/snapshot.html

exports[`twoslash > renderer floating svelte 1`] = `
"
<div class="svp-code-block-wrapper">
  <div class="svp-code-block">
    <div class="svp-code-block--command-line svp-code-block--diff-bg-sub"  style="top: calc(1.5em + 12px);"><div class="svp-code-block--diff-sub">-</div></div>
<div class="svp-code-block--command-line svp-code-block--diff-bg-add"  style="top: calc(3em + 12px);"><div class="svp-code-block--diff-add">+</div></div>
<div class="svp-code-block--command-line svp-code-block--diff-bg-add"  style="top: calc(10.5em + 12px);"><div class="svp-code-block--diff-add">+</div></div>
<div class="svp-code-block--command-line svp-code-block--diff-bg-sub"  style="top: calc(12em + 12px);"><div class="svp-code-block--diff-sub">-</div></div>
    <!-- svelte-ignore a11y_no_noninteractive_tabindex -->
    <pre class="shiki shiki-themes vitesse-light night-owl twoslash lsp" style="background-color:#ffffff;--shiki-dark-bg:#011627;color:#393a34;--shiki-dark:#d6deeb" tabindex="0"><code><span class="line"></span>
<span class="line"><span style="color:#1E754F;font-style:inherit;--shiki-dark:#C792EA;--shiki-dark-font-style:italic">import</span><span style="color:#999999;--shiki-dark:#D6DEEB"> &#123;</span><span style="color:#B07D48;--shiki-dark:#D6DEEB"> </span><span style="color:#B07D48;--shiki-dark:#D6DEEB"><Floating class="twoslash-hover"><span>sveltekit</span>{#snippet floatingContent()}<span class="twoslash-popup-container"><code class="twoslash-popup-code"><span style="color:#AB5959;--shiki-dark:#C792EA">function</span><span style="color:#59873A;font-style:inherit;--shiki-dark:#82AAFF;--shiki-dark-font-style:italic"> sveltekit</span><span style="color:#999999;--shiki-dark:#D9F5DD">()</span><span style="color:#999999;--shiki-dark:#7FDBCA">:</span><span style="color:#2E8F82;--shiki-dark:#FFCB8B"> Promise</span><span style="color:#999999;--shiki-dark:#D6DEEB">&#x3C;</span><span style="color:#2E8F82;--shiki-dark:#FFCB8B">Plugin</span><span style="color:#999999;--shiki-dark:#D6DEEB">&#x3C;</span><span style="color:#2E8F82;--shiki-dark:#C5E478">any</span><span style="color:#999999;--shiki-dark:#D6DEEB">>[]></span></code><div class="twoslash-popup-docs"><p>Returns the SvelteKit Vite plugins.</p></div></span>{/snippet}</Floating></span><span style="color:#999999;--shiki-dark:#D6DEEB"> &#125;</span><span style="color:#1E754F;font-style:inherit;--shiki-dark:#C792EA;--shiki-dark-font-style:italic"> from</span><span style="color:#B5695977;--shiki-dark:#D9F5DD"> '</span><span style="color:#B56959;--shiki-dark:#ECC48D">@sveltejs/kit/vite</span><span style="color:#B5695977;--shiki-dark:#D9F5DD">'</span><span style="color:#393A34;--shiki-dark:#D6DEEB"> </span></span>
<span class="line"><span style="color:#1E754F;font-style:inherit;--shiki-dark:#C792EA;--shiki-dark-font-style:italic">import</span><span style="color:#999999;--shiki-dark:#D6DEEB"> &#123;</span><span style="color:#B07D48;--shiki-dark:#D6DEEB"> </span><span style="color:#B07D48;--shiki-dark:#D6DEEB"><Floating class="twoslash-hover"><span>sveltepress</span>{#snippet floatingContent()}<span class="twoslash-popup-container"><code class="twoslash-popup-code"><span style="color:#AB5959;--shiki-dark:#C792EA">const</span><span style="color:#59873A;font-style:inherit;--shiki-dark:#82AAFF;--shiki-dark-font-style:italic"> sveltepress</span><span style="color:#999999;--shiki-dark:#7FDBCA">:</span><span style="color:#999999;--shiki-dark:#D9F5DD"> (</span><span style="color:#B07D48;font-style:inherit;--shiki-dark:#D7DBE0;--shiki-dark-font-style:italic">options</span><span style="color:#AB5959;--shiki-dark:#7FDBCA">?</span><span style="color:#999999;--shiki-dark:#7FDBCA">:</span><span style="color:#2E8F82;font-style:inherit;--shiki-dark:#FFCB8B;--shiki-dark-font-style:italic"> SveltepressVitePluginOptions</span><span style="color:#999999;--shiki-dark:#D9F5DD">)</span><span style="color:#999999;--shiki-dark:#C792EA"> =></span><span style="color:#2E8F82;font-style:inherit;--shiki-dark:#FFCB8B;--shiki-dark-font-style:italic"> PluginOption</span></code></span>{/snippet}</Floating></span><span style="color:#999999;--shiki-dark:#D6DEEB"> &#125;</span><span style="color:#1E754F;font-style:inherit;--shiki-dark:#C792EA;--shiki-dark-font-style:italic"> from</span><span style="color:#B5695977;--shiki-dark:#D9F5DD"> '</span><span style="color:#B56959;--shiki-dark:#ECC48D">@sveltepress/vite</span><span style="color:#B5695977;--shiki-dark:#D9F5DD">'</span><span style="color:#393A34;--shiki-dark:#D6DEEB"> </span></span>
<span class="line"><span style="color:#1E754F;font-style:inherit;--shiki-dark:#C792EA;--shiki-dark-font-style:italic">import</span><span style="color:#999999;--shiki-dark:#D6DEEB"> &#123;</span><span style="color:#B07D48;--shiki-dark:#D6DEEB"> </span><span style="color:#B07D48;--shiki-dark:#D6DEEB"><Floating class="twoslash-hover"><span>defineConfig</span>{#snippet floatingContent()}<span class="twoslash-popup-container"><code class="twoslash-popup-code"><span style="color:#AB5959;--shiki-dark:#C792EA">function</span><span style="color:#59873A;font-style:inherit;--shiki-dark:#82AAFF;--shiki-dark-font-style:italic"> defineConfig</span><span style="color:#999999;--shiki-dark:#D9F5DD">(</span><span style="color:#B07D48;--shiki-dark:#D7DBE0">config</span><span style="color:#999999;--shiki-dark:#7FDBCA">:</span><span style="color:#2E8F82;--shiki-dark:#FFCB8B"> UserConfig</span><span style="color:#999999;--shiki-dark:#D9F5DD">)</span><span style="color:#999999;--shiki-dark:#7FDBCA">:</span><span style="color:#2E8F82;--shiki-dark:#FFCB8B"> UserConfig</span><span style="color:#999999;--shiki-dark:#D6DEEB"> (</span><span style="color:#393A34;--shiki-dark:#D6DEEB">+</span><span style="color:#2F798A;--shiki-dark:#F78C6C">3</span><span style="color:#2E8F82;--shiki-dark:#FFCB8B"> overloads</span><span style="color:#999999;--shiki-dark:#D6DEEB">)</span></code><div class="twoslash-popup-docs"><p>Type helper to make it easier to use vite.config.ts
accepts a direct</p>
<p>UserConfig</p>
<p>object, or a function that returns it.
The function receives a</p>
<p>ConfigEnv</p>
<p>object.</p></div></span>{/snippet}</Floating></span><span style="color:#999999;--shiki-dark:#D6DEEB"> &#125;</span><span style="color:#1E754F;font-style:inherit;--shiki-dark:#C792EA;--shiki-dark-font-style:italic"> from</span><span style="color:#B5695977;--shiki-dark:#D9F5DD"> '</span><span style="color:#B56959;--shiki-dark:#ECC48D">vite</span><span style="color:#B5695977;--shiki-dark:#D9F5DD">'</span></span>
<span class="line"></span>
<span class="line"><span style="color:#AB5959;--shiki-dark:#C792EA">const</span><span style="color:#B07D48;font-style:inherit;--shiki-dark:#82AAFF;--shiki-dark-font-style:italic"> </span><span style="color:#B07D48;font-style:inherit;--shiki-dark:#82AAFF;--shiki-dark-font-style:italic"><Floating class="twoslash-hover"><span>config</span>{#snippet floatingContent()}<span class="twoslash-popup-container"><code class="twoslash-popup-code"><span style="color:#AB5959;--shiki-dark:#C792EA">const</span><span style="color:#B07D48;font-style:inherit;--shiki-dark:#82AAFF;--shiki-dark-font-style:italic"> config</span><span style="color:#999999;--shiki-dark:#7FDBCA">:</span><span style="color:#2E8F82;font-style:inherit;--shiki-dark:#FFCB8B;--shiki-dark-font-style:italic"> UserConfig</span></code></span>{/snippet}</Floating></span><span style="color:#999999;--shiki-dark:#C792EA"> =</span><span style="color:#59873A;font-style:inherit;--shiki-dark:#82AAFF;--shiki-dark-font-style:italic"> </span><span style="color:#59873A;font-style:inherit;--shiki-dark:#82AAFF;--shiki-dark-font-style:italic"><Floating class="twoslash-hover"><span>defineConfig</span>{#snippet floatingContent()}<span class="twoslash-popup-container"><code class="twoslash-popup-code"><span style="color:#AB5959;--shiki-dark:#C792EA">function</span><span style="color:#59873A;font-style:inherit;--shiki-dark:#82AAFF;--shiki-dark-font-style:italic"> defineConfig</span><span style="color:#999999;--shiki-dark:#D9F5DD">(</span><span style="color:#B07D48;--shiki-dark:#D7DBE0">config</span><span style="color:#999999;--shiki-dark:#7FDBCA">:</span><span style="color:#2E8F82;--shiki-dark:#FFCB8B"> UserConfig</span><span style="color:#999999;--shiki-dark:#D9F5DD">)</span><span style="color:#999999;--shiki-dark:#7FDBCA">:</span><span style="color:#2E8F82;--shiki-dark:#FFCB8B"> UserConfig</span><span style="color:#999999;--shiki-dark:#D6DEEB"> (</span><span style="color:#393A34;--shiki-dark:#D6DEEB">+</span><span style="color:#2F798A;--shiki-dark:#F78C6C">3</span><span style="color:#2E8F82;--shiki-dark:#FFCB8B"> overloads</span><span style="color:#999999;--shiki-dark:#D6DEEB">)</span></code><div class="twoslash-popup-docs"><p>Type helper to make it easier to use vite.config.ts
accepts a direct</p>
<p>UserConfig</p>
<p>object, or a function that returns it.
The function receives a</p>
<p>ConfigEnv</p>
<p>object.</p></div></span>{/snippet}</Floating></span><span style="color:#999999;--shiki-dark:#D6DEEB">(</span><span style="color:#999999;--shiki-dark:#C792EA">&#123;</span></span>
<span class="line"><span style="color:#998418;font-style:inherit;--shiki-dark:#C792EA;--shiki-dark-font-style:italic">  </span><span style="color:#998418;font-style:inherit;--shiki-dark:#C792EA;--shiki-dark-font-style:italic"><Floating class="twoslash-hover"><span>plugins</span>{#snippet floatingContent()}<span class="twoslash-popup-container"><code class="twoslash-popup-code"><span style="color:#B07D48;--shiki-dark:#D6DEEB">UserConfig</span><span style="color:#999999;font-style:inherit;--shiki-dark:#C792EA;--shiki-dark-font-style:italic">.</span><span style="color:#B07D48;--shiki-dark:#BAEBE2">plugins</span><span style="color:#AB5959;--shiki-dark:#C792EA">?:</span><span style="color:#B07D48;--shiki-dark:#D6DEEB"> PluginOption</span><span style="color:#999999;--shiki-dark:#D6DEEB">[]</span><span style="color:#AB5959;--shiki-dark:#C792EA"> |</span><span style="color:#AB5959;--shiki-dark:#82AAFF"> undefined</span></code><div class="twoslash-popup-docs"><p>Array of vite plugins to use.</p></div></span>{/snippet}</Floating></span><span style="color:#999999;--shiki-dark:#C792EA">:</span><span style="color:#999999;--shiki-dark:#D6DEEB"> [</span></span>
<span class="line"><span style="color:#59873A;font-style:inherit;--shiki-dark:#82AAFF;--shiki-dark-font-style:italic">    </span><span style="color:#59873A;font-style:inherit;--shiki-dark:#82AAFF;--shiki-dark-font-style:italic"><Floating class="twoslash-hover"><span>sveltepress</span>{#snippet floatingContent()}<span class="twoslash-popup-container"><code class="twoslash-popup-code"><span style="color:#AB5959;--shiki-dark:#C792EA">function</span><span style="color:#59873A;font-style:inherit;--shiki-dark:#82AAFF;--shiki-dark-font-style:italic"> sveltepress</span><span style="color:#999999;--shiki-dark:#D9F5DD">(</span><span style="color:#B07D48;--shiki-dark:#D7DBE0">options</span><span style="color:#AB5959;--shiki-dark:#7FDBCA">?</span><span style="color:#999999;--shiki-dark:#7FDBCA">:</span><span style="color:#2E8F82;--shiki-dark:#FFCB8B"> SveltepressVitePluginOptions</span><span style="color:#999999;--shiki-dark:#D9F5DD">)</span><span style="color:#999999;--shiki-dark:#7FDBCA">:</span><span style="color:#2E8F82;--shiki-dark:#FFCB8B"> PluginOption</span></code></span>{/snippet}</Floating></span><span style="color:#999999;--shiki-dark:#D6DEEB">(&#123;&#125;),</span><span style="color:#999999;font-style:inherit;--shiki-dark:#D6DEEB;--shiki-dark-font-style:italic"> </span></span>
<span class="line"><span style="color:#59873A;font-style:inherit;--shiki-dark:#82AAFF;--shiki-dark-font-style:italic">    </span><span style="color:#59873A;font-style:inherit;--shiki-dark:#82AAFF;--shiki-dark-font-style:italic"><Floating class="twoslash-hover"><span>sveltekit</span>{#snippet floatingContent()}<span class="twoslash-popup-container"><code class="twoslash-popup-code"><span style="color:#AB5959;--shiki-dark:#C792EA">function</span><span style="color:#59873A;font-style:inherit;--shiki-dark:#82AAFF;--shiki-dark-font-style:italic"> sveltekit</span><span style="color:#999999;--shiki-dark:#D9F5DD">()</span><span style="color:#999999;--shiki-dark:#7FDBCA">:</span><span style="color:#2E8F82;--shiki-dark:#FFCB8B"> Promise</span><span style="color:#999999;--shiki-dark:#D6DEEB">&#x3C;</span><span style="color:#2E8F82;--shiki-dark:#FFCB8B">Plugin</span><span style="color:#999999;--shiki-dark:#D6DEEB">&#x3C;</span><span style="color:#2E8F82;--shiki-dark:#C5E478">any</span><span style="color:#999999;--shiki-dark:#D6DEEB">>[]></span></code><div class="twoslash-popup-docs"><p>Returns the SvelteKit Vite plugins.</p></div></span>{/snippet}</Floating></span><span style="color:#999999;--shiki-dark:#D6DEEB">(),</span><span style="color:#999999;font-style:inherit;--shiki-dark:#D6DEEB;--shiki-dark-font-style:italic"> </span></span>
<span class="line"><span style="color:#999999;--shiki-dark:#D6DEEB">  ]</span><span style="color:#999999;--shiki-dark:#C792EA">,</span></span>
<span class="line"><span style="color:#999999;--shiki-dark:#C792EA">&#125;</span><span style="color:#999999;--shiki-dark:#D6DEEB">)</span></span>
<span class="line"></span>
<span class="line"><span style="color:#1E754F;font-style:inherit;--shiki-dark:#C792EA;--shiki-dark-font-style:italic">export</span><span style="color:#1E754F;font-style:inherit;--shiki-dark:#C792EA;--shiki-dark-font-style:italic"> default</span><span style="color:#B07D48;--shiki-dark:#D6DEEB"> </span><span style="color:#B07D48;--shiki-dark:#D6DEEB"><Floating class="twoslash-hover"><span>config</span>{#snippet floatingContent()}<span class="twoslash-popup-container"><code class="twoslash-popup-code"><span style="color:#AB5959;--shiki-dark:#C792EA">const</span><span style="color:#B07D48;font-style:inherit;--shiki-dark:#82AAFF;--shiki-dark-font-style:italic"> config</span><span style="color:#999999;--shiki-dark:#7FDBCA">:</span><span style="color:#2E8F82;font-style:inherit;--shiki-dark:#FFCB8B;--shiki-dark-font-style:italic"> UserConfig</span></code></span>{/snippet}</Floating></span></span>
<span class="line"></span></code></pre>
    <div class="svp-code-block--lang">
      ts
    </div>
    <CopyCode />
    
  </div>
</div>"
`;

exports[`twoslash > twoslash svelte 1`] = `
"
<div class="svp-code-block-wrapper">
  <div class="svp-code-block">
    
    <!-- svelte-ignore a11y_no_noninteractive_tabindex -->
    <pre class="shiki shiki-themes vitesse-light night-owl twoslash lsp" style="background-color:#ffffff;--shiki-dark-bg:#011627;color:#393a34;--shiki-dark:#d6deeb" tabindex="0"><code><span class="line"><span style="color:#999999;--shiki-dark:#7FDBCA">&#x3C;</span><span style="color:#1E754F;--shiki-dark:#CAECE6">script</span><span style="color:#B07D48;font-style:inherit;--shiki-dark:#C5E478;--shiki-dark-font-style:italic"> module</span><span style="color:#B07D48;font-style:inherit;--shiki-dark:#C5E478;--shiki-dark-font-style:italic"> lang</span><span style="color:#999999;--shiki-dark:#7FDBCA">=</span><span style="color:#B5695977;--shiki-dark:#D9F5DD">"</span><span style="color:#B56959;--shiki-dark:#ECC48D">ts</span><span style="color:#B5695977;--shiki-dark:#D9F5DD">"</span><span style="color:#999999;--shiki-dark:#7FDBCA">></span></span>
<span class="line"><span style="color:#1E754F;font-style:inherit;--shiki-dark:#C792EA;--shiki-dark-font-style:italic">  export</span><span style="color:#AB5959;--shiki-dark:#C792EA"> const</span><span style="color:#B07D48;font-style:inherit;--shiki-dark:#82AAFF;--shiki-dark-font-style:italic"> </span><span style="color:#B07D48;font-style:inherit;--shiki-dark:#82AAFF;--shiki-dark-font-style:italic"><Floating class="twoslash-hover"><span>FOO</span>{#snippet floatingContent()}<span class="twoslash-popup-container"><code class="twoslash-popup-code"><span style="color:#AB5959;--shiki-dark:#C792EA">const</span><span style="color:#B07D48;font-style:inherit;--shiki-dark:#82AAFF;--shiki-dark-font-style:italic"> FOO</span><span style="color:#999999;--shiki-dark:#7FDBCA">:</span><span style="color:#B5695977;--shiki-dark:#D9F5DD"> "</span><span style="color:#B56959;--shiki-dark:#ECC48D">BAR</span><span style="color:#B5695977;--shiki-dark:#D9F5DD">"</span></code></span>{/snippet}</Floating></span><span style="color:#999999;--shiki-dark:#C792EA"> =</span><span style="color:#B5695977;--shiki-dark:#D9F5DD"> '</span><span style="color:#B56959;--shiki-dark:#ECC48D">BAR</span><span style="color:#B5695977;--shiki-dark:#D9F5DD">'</span></span>
<span class="line"><span style="color:#999999;--shiki-dark:#7FDBCA">&#x3C;/</span><span style="color:#1E754F;--shiki-dark:#CAECE6">script</span><span style="color:#999999;--shiki-dark:#7FDBCA">></span></span>
<span class="line"></span>
<span class="line"><span style="color:#999999;--shiki-dark:#7FDBCA">&#x3C;</span><span style="color:#1E754F;--shiki-dark:#CAECE6">script</span><span style="color:#B07D48;font-style:inherit;--shiki-dark:#C5E478;--shiki-dark-font-style:italic"> lang</span><span style="color:#999999;--shiki-dark:#7FDBCA">=</span><span style="color:#B5695977;--shiki-dark:#D9F5DD">"</span><span style="color:#B56959;--shiki-dark:#ECC48D">ts</span><span style="color:#B5695977;--shiki-dark:#D9F5DD">"</span><span style="color:#999999;--shiki-dark:#7FDBCA">></span></span>
<span class="line"><span style="color:#1E754F;font-style:inherit;--shiki-dark:#C792EA;--shiki-dark-font-style:italic">  import</span><span style="color:#999999;--shiki-dark:#D6DEEB"> &#123;</span><span style="color:#B07D48;--shiki-dark:#D6DEEB"> </span><span style="color:#B07D48;--shiki-dark:#D6DEEB"><Floating class="twoslash-hover"><span>onMount</span>{#snippet floatingContent()}<span class="twoslash-popup-container"><code class="twoslash-popup-code"><span style="color:#AB5959;--shiki-dark:#C792EA">function</span><span style="color:#59873A;font-style:inherit;--shiki-dark:#82AAFF;--shiki-dark-font-style:italic"> onMount</span><span style="color:#999999;--shiki-dark:#D6DEEB">&#x3C;</span><span style="color:#2E8F82;--shiki-dark:#FFCB8B">T</span><span style="color:#999999;--shiki-dark:#D6DEEB">></span><span style="color:#999999;--shiki-dark:#D9F5DD">(</span><span style="color:#59873A;font-style:inherit;--shiki-dark:#82AAFF;--shiki-dark-font-style:italic">fn</span><span style="color:#999999;--shiki-dark:#7FDBCA">:</span><span style="color:#999999;--shiki-dark:#D9F5DD"> ()</span><span style="color:#999999;--shiki-dark:#C792EA"> =></span><span style="color:#2E8F82;--shiki-dark:#FFCB8B"> NotFunction</span><span style="color:#999999;--shiki-dark:#D6DEEB">&#x3C;</span><span style="color:#2E8F82;--shiki-dark:#FFCB8B">T</span><span style="color:#999999;--shiki-dark:#D6DEEB">> </span><span style="color:#999999;--shiki-dark:#7FDBCA">|</span><span style="color:#2E8F82;--shiki-dark:#FFCB8B"> Promise</span><span style="color:#999999;--shiki-dark:#D6DEEB">&#x3C;</span><span style="color:#2E8F82;--shiki-dark:#FFCB8B">NotFunction</span><span style="color:#999999;--shiki-dark:#D6DEEB">&#x3C;</span><span style="color:#2E8F82;--shiki-dark:#FFCB8B">T</span><span style="color:#999999;--shiki-dark:#D6DEEB">>> </span><span style="color:#999999;--shiki-dark:#7FDBCA">|</span><span style="color:#999999;--shiki-dark:#D6DEEB"> (</span><span style="color:#999999;--shiki-dark:#D9F5DD">()</span><span style="color:#999999;--shiki-dark:#C792EA"> =></span><span style="color:#2E8F82;--shiki-dark:#C5E478"> any</span><span style="color:#999999;--shiki-dark:#D6DEEB">)</span><span style="color:#999999;--shiki-dark:#D9F5DD">)</span><span style="color:#999999;--shiki-dark:#7FDBCA">:</span><span style="color:#2E8F82;--shiki-dark:#C5E478"> void</span></code><div class="twoslash-popup-docs"><p>The <code>onMount</code> function schedules a callback to run as soon as the component has been mounted to the DOM.
It must be called during the component's initialisation (but doesn't need to live <em>inside</em> the component;
it can be called from an external module).</p>
<p>If a function is returned <em>synchronously</em> from <code>onMount</code>, it will be called when the component is unmounted.</p>
<p><code>onMount</code> does not run inside <a href="https://svelte.dev/docs/svelte/svelte-server#render">server-side components</a>.</p></div></span>{/snippet}</Floating></span><span style="color:#999999;--shiki-dark:#D6DEEB"> &#125;</span><span style="color:#1E754F;font-style:inherit;--shiki-dark:#C792EA;--shiki-dark-font-style:italic"> from</span><span style="color:#B5695977;--shiki-dark:#D9F5DD"> '</span><span style="color:#B56959;--shiki-dark:#ECC48D">svelte</span><span style="color:#B5695977;--shiki-dark:#D9F5DD">'</span></span>
<span class="line"></span>
<span class="line"><span style="color:#AB5959;--shiki-dark:#C792EA">  let</span><span style="color:#B07D48;font-style:inherit;--shiki-dark:#D6DEEB;--shiki-dark-font-style:italic"> </span><span style="color:#B07D48;font-style:inherit;--shiki-dark:#D6DEEB;--shiki-dark-font-style:italic"><Floating class="twoslash-hover"><span>count</span>{#snippet floatingContent()}<span class="twoslash-popup-container"><code class="twoslash-popup-code"><span style="color:#AB5959;--shiki-dark:#C792EA">let</span><span style="color:#B07D48;font-style:inherit;--shiki-dark:#D6DEEB;--shiki-dark-font-style:italic"> count</span><span style="color:#999999;--shiki-dark:#7FDBCA">:</span><span style="color:#2E8F82;font-style:inherit;--shiki-dark:#C5E478;--shiki-dark-font-style:italic"> number</span></code></span>{/snippet}</Floating></span><span style="color:#999999;--shiki-dark:#C792EA"> =</span><span style="color:#999999;--shiki-dark:#C792EA"> </span><span style="color:#999999;--shiki-dark:#C792EA"><Floating class="twoslash-hover"><span>$</span>{#snippet floatingContent()}<span class="twoslash-popup-container"><code class="twoslash-popup-code"><pre class="shiki shiki-themes vitesse-light night-owl" style="background-color:#ffffff;--shiki-dark-bg:#011627;color:#393a34;--shiki-dark:#d6deeb" tabindex="0"><code><span class="line"><span style="color:#AB5959;--shiki-dark:#C792EA">function</span><span style="color:#59873A;font-style:inherit;--shiki-dark:#82AAFF;--shiki-dark-font-style:italic"> $state</span><span style="color:#999999;--shiki-dark:#D6DEEB">&#x3C;</span><span style="color:#2F798A;--shiki-dark:#F78C6C">0</span><span style="color:#999999;--shiki-dark:#D6DEEB">></span><span style="color:#999999;--shiki-dark:#D9F5DD">(</span><span style="color:#B07D48;--shiki-dark:#D7DBE0">initial</span><span style="color:#999999;--shiki-dark:#7FDBCA">:</span><span style="color:#2F798A;--shiki-dark:#F78C6C"> 0</span><span style="color:#999999;--shiki-dark:#D9F5DD">)</span><span style="color:#999999;--shiki-dark:#7FDBCA">:</span><span style="color:#2F798A;--shiki-dark:#F78C6C"> 0</span><span style="color:#999999;--shiki-dark:#D6DEEB"> (</span><span style="color:#393A34;--shiki-dark:#D6DEEB">+</span><span style="color:#2F798A;--shiki-dark:#F78C6C">1</span><span style="color:#2E8F82;--shiki-dark:#FFCB8B"> overload</span><span style="color:#999999;--shiki-dark:#D6DEEB">)</span></span>
<span class="line"><span style="color:#AB5959;--shiki-dark:#C792EA">namespace</span><span style="color:#2E8F82;--shiki-dark:#D6DEEB"> $state</span></span></code></pre></code><div class="twoslash-popup-docs"><p>Declares reactive state.</p>
<p>Example:</p>
<pre class="shiki shiki-themes vitesse-light night-owl" style="background-color:#ffffff;--shiki-dark-bg:#011627;color:#393a34;--shiki-dark:#d6deeb" tabindex="0"><code><span class="line"><span style="color:#AB5959;--shiki-dark:#C792EA">let</span><span style="color:#B07D48;--shiki-dark:#D7DBE0"> count</span><span style="color:#999999;--shiki-dark:#C792EA"> =</span><span style="color:#59873A;font-style:inherit;--shiki-dark:#82AAFF;--shiki-dark-font-style:italic"> $state</span><span style="color:#999999;--shiki-dark:#D6DEEB">(</span><span style="color:#2F798A;--shiki-dark:#F78C6C">0</span><span style="color:#999999;--shiki-dark:#D6DEEB">);</span></span></code></pre>
<p><a href="https://svelte.dev/docs/svelte/$state">https://svelte.dev/docs/svelte/$state</a></p></div><div class="twoslash-popup-docs twoslash-popup-docs-tags"><span class="twoslash-popup-docs-tag"><span class="twoslash-popup-docs-tag-name">@param</span><span class="twoslash-popup-docs-tag-value"><code>initial</code>  The initial value</span></span></div></span>{/snippet}</Floating></span><span style="color:#59873A;font-style:inherit;--shiki-dark:#82AAFF;--shiki-dark-font-style:italic"><Floating class="twoslash-hover"><span>state</span>{#snippet floatingContent()}<span class="twoslash-popup-container"><code class="twoslash-popup-code"><pre class="shiki shiki-themes vitesse-light night-owl" style="background-color:#ffffff;--shiki-dark-bg:#011627;color:#393a34;--shiki-dark:#d6deeb" tabindex="0"><code><span class="line"><span style="color:#AB5959;--shiki-dark:#C792EA">function</span><span style="color:#59873A;font-style:inherit;--shiki-dark:#82AAFF;--shiki-dark-font-style:italic"> $state</span><span style="color:#999999;--shiki-dark:#D6DEEB">&#x3C;</span><span style="color:#2F798A;--shiki-dark:#F78C6C">0</span><span style="color:#999999;--shiki-dark:#D6DEEB">></span><span style="color:#999999;--shiki-dark:#D9F5DD">(</span><span style="color:#B07D48;--shiki-dark:#D7DBE0">initial</span><span style="color:#999999;--shiki-dark:#7FDBCA">:</span><span style="color:#2F798A;--shiki-dark:#F78C6C"> 0</span><span style="color:#999999;--shiki-dark:#D9F5DD">)</span><span style="color:#999999;--shiki-dark:#7FDBCA">:</span><span style="color:#2F798A;--shiki-dark:#F78C6C"> 0</span><span style="color:#999999;--shiki-dark:#D6DEEB"> (</span><span style="color:#393A34;--shiki-dark:#D6DEEB">+</span><span style="color:#2F798A;--shiki-dark:#F78C6C">1</span><span style="color:#2E8F82;--shiki-dark:#FFCB8B"> overload</span><span style="color:#999999;--shiki-dark:#D6DEEB">)</span></span>
<span class="line"><span style="color:#AB5959;--shiki-dark:#C792EA">namespace</span><span style="color:#2E8F82;--shiki-dark:#D6DEEB"> $state</span></span></code></pre></code><div class="twoslash-popup-docs"><p>Declares reactive state.</p>
<p>Example:</p>
<pre class="shiki shiki-themes vitesse-light night-owl" style="background-color:#ffffff;--shiki-dark-bg:#011627;color:#393a34;--shiki-dark:#d6deeb" tabindex="0"><code><span class="line"><span style="color:#AB5959;--shiki-dark:#C792EA">let</span><span style="color:#B07D48;--shiki-dark:#D7DBE0"> count</span><span style="color:#999999;--shiki-dark:#C792EA"> =</span><span style="color:#59873A;font-style:inherit;--shiki-dark:#82AAFF;--shiki-dark-font-style:italic"> $state</span><span style="color:#999999;--shiki-dark:#D6DEEB">(</span><span style="color:#2F798A;--shiki-dark:#F78C6C">0</span><span style="color:#999999;--shiki-dark:#D6DEEB">);</span></span></code></pre>
<p><a href="https://svelte.dev/docs/svelte/$state">https://svelte.dev/docs/svelte/$state</a></p></div><div class="twoslash-popup-docs twoslash-popup-docs-tags"><span class="twoslash-popup-docs-tag"><span class="twoslash-popup-docs-tag-name">@param</span><span class="twoslash-popup-docs-tag-value"><code>initial</code>  The initial value</span></span></div></span>{/snippet}</Floating></span><span style="color:#999999;--shiki-dark:#D6DEEB">(</span><span style="color:#2F798A;--shiki-dark:#F78C6C">0</span><span style="color:#999999;--shiki-dark:#D6DEEB">)</span></span>
<span class="line"></span>
<span class="line"><span style="color:#59873A;font-style:inherit;--shiki-dark:#82AAFF;--shiki-dark-font-style:italic">  </span><span style="color:#59873A;font-style:inherit;--shiki-dark:#82AAFF;--shiki-dark-font-style:italic"><Floating class="twoslash-hover"><span>onMount</span>{#snippet floatingContent()}<span class="twoslash-popup-container"><code class="twoslash-popup-code"><span style="color:#59873A;font-style:inherit;--shiki-dark:#82AAFF;--shiki-dark-font-style:italic">onMount</span><span style="color:#999999;--shiki-dark:#D6DEEB">&#x3C;</span><span style="color:#2E8F82;--shiki-dark:#C5E478">void</span><span style="color:#999999;--shiki-dark:#D6DEEB">>(</span><span style="color:#B07D48;--shiki-dark:#D6DEEB">fn</span><span style="color:#393A34;--shiki-dark:#D6DEEB">: </span><span style="color:#999999;--shiki-dark:#D9F5DD">()</span><span style="color:#999999;--shiki-dark:#C792EA"> =></span><span style="color:#AB5959;--shiki-dark:#7FDBCA"> void</span><span style="color:#AB5959;--shiki-dark:#C792EA"> |</span><span style="color:#999999;--shiki-dark:#D6DEEB"> (</span><span style="color:#999999;--shiki-dark:#D9F5DD">()</span><span style="color:#999999;--shiki-dark:#C792EA"> =></span><span style="color:#B07D48;--shiki-dark:#D6DEEB"> any</span><span style="color:#999999;--shiki-dark:#D6DEEB">)</span><span style="color:#AB5959;--shiki-dark:#C792EA"> |</span><span style="color:#998418;--shiki-dark:#C5E478"> Promise</span><span style="color:#999999;--shiki-dark:#C792EA">&#x3C;</span><span style="color:#AB5959;--shiki-dark:#7FDBCA">void</span><span style="color:#999999;--shiki-dark:#C792EA">></span><span style="color:#999999;--shiki-dark:#D6DEEB">)</span><span style="color:#393A34;--shiki-dark:#D6DEEB">: </span><span style="color:#AB5959;--shiki-dark:#7FDBCA">void</span></code><div class="twoslash-popup-docs"><p>The <code>onMount</code> function schedules a callback to run as soon as the component has been mounted to the DOM.
It must be called during the component's initialisation (but doesn't need to live <em>inside</em> the component;
it can be called from an external module).</p>
<p>If a function is returned <em>synchronously</em> from <code>onMount</code>, it will be called when the component is unmounted.</p>
<p><code>onMount</code> does not run inside <a href="https://svelte.dev/docs/svelte/svelte-server#render">server-side components</a>.</p></div></span>{/snippet}</Floating></span><span style="color:#999999;--shiki-dark:#D6DEEB">(</span><span style="color:#999999;--shiki-dark:#D9F5DD">()</span><span style="color:#999999;--shiki-dark:#C792EA"> =></span><span style="color:#999999;--shiki-dark:#D6DEEB"> &#123;</span></span>
<span class="line"><span style="color:#A0ADA0;--shiki-dark:#637777">    //</span><span style="color:#A0ADA0;font-style:inherit;--shiki-dark:#637777;--shiki-dark-font-style:italic"> mounted</span></span>
<span class="line"><span style="color:#999999;--shiki-dark:#D6DEEB">  &#125;)</span></span>
<span class="line"><span style="color:#999999;--shiki-dark:#7FDBCA">&#x3C;/</span><span style="color:#1E754F;--shiki-dark:#CAECE6">script</span><span style="color:#999999;--shiki-dark:#7FDBCA">></span></span>
<span class="line"></span>
<span class="line"><span style="color:#999999;--shiki-dark:#7FDBCA">&#x3C;</span><span style="color:#1E754F;--shiki-dark:#CAECE6">button</span><span style="color:#B07D48;font-style:inherit;--shiki-dark:#C5E478;--shiki-dark-font-style:italic"> onclick</span><span style="color:#999999;--shiki-dark:#7FDBCA">=</span><span style="color:#999999;--shiki-dark:#D3423E">&#123;</span><span style="color:#999999;--shiki-dark:#D9F5DD">()</span><span style="color:#999999;--shiki-dark:#C792EA"> =></span><span style="color:#B07D48;--shiki-dark:#D6DEEB"> </span><span style="color:#B07D48;--shiki-dark:#D6DEEB"><Floating class="twoslash-hover"><span>count</span>{#snippet floatingContent()}<span class="twoslash-popup-container"><code class="twoslash-popup-code"><span style="color:#AB5959;--shiki-dark:#C792EA">let</span><span style="color:#B07D48;font-style:inherit;--shiki-dark:#D6DEEB;--shiki-dark-font-style:italic"> count</span><span style="color:#999999;--shiki-dark:#7FDBCA">:</span><span style="color:#2E8F82;font-style:inherit;--shiki-dark:#C5E478;--shiki-dark-font-style:italic"> number</span></code></span>{/snippet}</Floating></span><span style="color:#AB5959;--shiki-dark:#C792EA">++</span><span style="color:#999999;--shiki-dark:#D3423E">&#125;</span><span style="color:#999999;--shiki-dark:#7FDBCA">></span></span>
<span class="line"><span style="color:#393A34;--shiki-dark:#D6DEEB">  Count is: </span><span style="color:#999999;--shiki-dark:#D3423E">&#123;</span><span style="color:#B07D48;--shiki-dark:#D6DEEB"><Floating class="twoslash-hover"><span>count</span>{#snippet floatingContent()}<span class="twoslash-popup-container"><code class="twoslash-popup-code"><span style="color:#AB5959;--shiki-dark:#C792EA">let</span><span style="color:#B07D48;font-style:inherit;--shiki-dark:#D6DEEB;--shiki-dark-font-style:italic"> count</span><span style="color:#999999;--shiki-dark:#7FDBCA">:</span><span style="color:#2E8F82;font-style:inherit;--shiki-dark:#C5E478;--shiki-dark-font-style:italic"> number</span></code></span>{/snippet}</Floating></span><span style="color:#999999;--shiki-dark:#D3423E">&#125;</span></span>
<span class="line"><span style="color:#999999;--shiki-dark:#7FDBCA">&#x3C;/</span><span style="color:#1E754F;--shiki-dark:#CAECE6">button</span><span style="color:#999999;--shiki-dark:#7FDBCA">></span></span>
<span class="line"></span></code></pre>
    <div class="svp-code-block--lang">
      svelte
    </div>
    <CopyCode />
    
  </div>
</div>"
`;
